---
source: src/app/view/components/chat.rs
expression: terminal.backend()
---
"                    "
"┌─> openAI on 4o    "
"[2s]                "
"└─> history question"
"history answer      "
"                    "
"                    "
"                    "
"                    "
"                    "
"                    "
"                    "
"                    "
"                    "
"                    "
"                    "
"                    "
"─ openAI on 4o ─────"
" repeat thisrepeat  "
" thisrepeat this    "
